1: 1
2: 218
3: 25
4: 115
5: 210
6: 179
7: 160
8: 156
9: 22
10: 218
11: 48
12: 142
13: 2
14: 230
15: 238
16: 237
17: 67
18: 240
19: 126
20: 249
21: 18
22: 263
23: 280
24: 69
25: 271
26: 193
27: 64
28: 245
29: 270
30: 161
31: 89
32: 273
33: 73
34: 115
35: 84
36: 301
37: 9
38: 268
39: 148
40: 31
41: 175
42: 219
43: 187
44: 185
45: 141
46: 121
47: 113
48: 227
49: 63
50: 257
51: 167
52: 79
53: 221
54: 147
55: 158
56: 187
57: 44
58: 248
59: 127
60: 21
61: 102
62: 232
63: 300
64: 205
65: 56
66: 79
67: 198
68: 69
69: 51
70: 52
71: 107
72: 243
73: 279
74: 9
75: 123
76: 121
77: 133
78: 256
79: 47
80: 216
81: 214
82: 230
83: 9
84: 123
85: 71
86: 171
87: 20
88: 129
89: 118
90: 142
91: 148
92: 243
93: 79
94: 145
95: 142
96: 148
97: 246
98: 45
99: 237
100: 8
101: 101
102: 46
103: 252
104: 78
105: 53
106: 71
107: 226
108: 210
109: 31
110: 277
111: 110
112: 252
113: 212
114: 125
115: 70
116: 297
117: 10
118: 92
119: 120
120: 132
121: 258
122: 290
123: 74
124: 41
125: 131
126: 234
127: 206
128: 77
129: 290
130: 134
131: 82
132: 91
133: 193
134: 38
135: 193
136: 264
137: 123
138: 108
139: 162
140: 160
141: 88
142: 299
143: 111
144: 7
145: 118
146: 206
147: 304
148: 133
149: 10
150: 119
151: 277
152: 270
153: 106
154: 54
155: 17
156: 259
157: 2
158: 223
159: 34
160: 296
161: 54
162: 132
163: 79
164: 265
165: 181
166: 288
167: 231
168: 17
169: 97
170: 89
171: 182
172: 208
173: 85
174: 8
175: 214
176: 224
177: 213
178: 214
179: 52
180: 225
181: 34
182: 33
183: 191
184: 150
185: 96
186: 213
187: 102
188: 102
189: 127
190: 150
191: 93
192: 201
193: 303
194: 197
195: 158
196: 179
197: 186
198: 86
199: 195
200: 302
201: 197
202: 76
203: 203
204: 301
205: 84
206: 108
207: 221
208: 9
209: 25
210: 282
211: 235
212: 63
213: 21
214: 116
215: 228
216: 125
217: 30
218: 35
219: 243
220: 164
221: 205
222: 42
223: 66
224: 203
225: 251
226: 244
227: 78
228: 132
229: 33
230: 290
231: 129
232: 242
233: 64
234: 32
235: 239
236: 161
237: 149
238: 147
239: 176
240: 185
241: 131
242: 106
243: 261
244: 152
245: 241
246: 192
247: 296
248: 277
249: 239
250: 238
251: 145
252: 138
253: 291
254: 231
255: 40
256: 239
257: 160
258: 130
259: 69
260: 219
261: 113
262: 214
263: 150
264: 202
265: 254
266: 87
267: 64
268: 100
269: 256
270: 260
271: 305
272: 83
273: 64
274: 261
275: 252
276: 18
277: 145
278: 250
279: 300
280: 81
281: 185
282: 143
283: 239
284: 169
285: 69
286: 292
287: 105
288: 257
289: 117
290: 191
291: 163
292: 255
293: 96
294: 24
295: 145
296: 50
297: 122
298: 232
299: 158
300: 74
301: 188
302: 158
303: 174
304: 262
305: 121
306: 130
307: 281
308: 289
309: 76
310: 276
311: 70
312: 275
313: 118
314: 21
315: 144
316: 208
317: 11
318: 269
319: 153
320: 133
321: 151
322: 27
323: 80
324: 267
325: 57
326: 254
327: 23
328: 194
329: 180
330: 194
331: 281
332: 66
333: 56
334: 157
335: 31
336: 196
337: 8
338: 20
339: 181
340: 79
341: 303
342: 266
343: 57
344: 115
345: 289
346: 219
347: 27
348: 301
349: 184
350: 196
351: 131
352: 39
353: 233
354: 232
355: 13
356: 1
357: 180
358: 32
359: 198
360: 61
361: 237
362: 183
363: 139
364: 3
365: 45
366: 183
367: 203
368: 51
369: 205
370: 79
371: 147
372: 207
373: 46
374: 225
375: 27
376: 33
377: 136
378: 55
379: 32
380: 26
381: 266
382: 171
383: 65
384: 194
385: 100
386: 81
387: 196
388: 300
389: 126
390: 91
391: 54
392: 61
393: 291
394: 211
395: 60
396: 34
397: 86
398: 276
399: 95
400: 7
401: 53
402: 260
403: 210
404: 112
405: 179
406: 245
407: 151
408: 23
409: 11
410: 205
411: 45
412: 278
413: 72
414: 129
415: 171
416: 192
417: 225
418: 68
419: 182
420: 51
421: 174
422: 257
423: 123
424: 161
425: 157
426: 205
427: 217
428: 263
429: 181
430: 19
431: 269
432: 256
433: 278
434: 174
435: 64
436: 155
437: 114
438: 235
439: 188
440: 131
441: 137
442: 247
443: 109
444: 229
445: 71
446: 304
447: 113
448: 11
449: 67
450: 10
451: 62
452: 257
453: 264
454: 198
455: 119
456: 128
457: 93
458: 35
459: 89
460: 300
461: 55
462: 57
463: 248
464: 38
465: 253
466: 20
467: 209
468: 70
469: 264
470: 88
471: 223
472: 100
473: 37
474: 32
475: 30
476: 118
477: 29
478: 154
479: 130
480: 105
481: 167
482: 207
483: 68
484: 136
485: 100
486: 211
487: 280
488: 220
489: 252
490: 70
491: 219
492: 14
493: 141
494: 156
495: 53
496: 92
497: 186
498: 270
499: 180
500: 146
501: 60
502: 93
503: 263
504: 105
505: 139
506: 2
507: 241
508: 174
509: 155
510: 68
511: 4
512: 33
513: 286
514: 71
515: 183
516: 86
517: 293
518: 157
519: 19
520: 243
521: 247
522: 232
523: 260
524: 87
525: 90
526: 21
527: 199
528: 293
529: 299
530: 72
531: 138
532: 54
533: 185
534: 98
535: 172
536: 28
537: 101
538: 111
539: 222
540: 273
541: 197
542: 226
543: 19
544: 184
545: 8
546: 207
547: 289
548: 302
549: 57
550: 6
551: 240
552: 21
553: 242
554: 196
555: 108
556: 36
557: 223
558: 20
559: 29
560: 221
561: 94
562: 173
563: 282
564: 299
565: 294
566: 152
567: 23
568: 92
569: 285
570: 250
571: 71
572: 180
573: 164
574: 88
575: 63
576: 175
577: 8
578: 52
579: 171
580: 69
581: 58
582: 111
583: 90
584: 10
585: 21
586: 222
587: 49
588: 243
589: 239
590: 84
591: 155
592: 34
593: 272
594: 139
595: 30
596: 265
597: 9
598: 59
599: 58
600: 295
601: 16
602: 140
603: 168
604: 190
605: 251
606: 250
607: 68
608: 258
609: 12
610: 259
611: 29
612: 71
613: 67
614: 124
615: 83
616: 86
617: 48
618: 145
619: 33
620: 300
621: 248
622: 202
623: 32
624: 226
625: 40
626: 70
627: 187
628: 49
629: 143
630: 259
631: 45
632: 159
633: 99
634: 227
635: 53
636: 50
637: 170
638: 134
639: 15
640: 185
641: 87
642: 41
643: 272
644: 168
645: 189
646: 59
647: 273
648: 245
649: 226
650: 18
651: 242
652: 168
653: 225
654: 284
655: 87
656: 274
657: 53
658: 295
659: 26
660: 215
661: 252
662: 72
663: 70
664: 50
665: 12
666: 140
667: 110
668: 190
669: 291
670: 130
671: 70
672: 75
673: 186
674: 41
675: 261
676: 68
677: 114
678: 232
679: 21
680: 38
681: 253
682: 268
683: 226
684: 166
685: 253
686: 22
687: 140
688: 16
689: 13
690: 180
691: 231
692: 263
693: 271
694: 9
695: 23
696: 283
697: 150
698: 140
699: 166
700: 142
701: 284
702: 258
703: 236
704: 164
705: 7
706: 195
707: 252
708: 124
709: 124
710: 276
711: 175
712: 73
713: 246
714: 94
715: 261
716: 193
717: 117
718: 100
719: 216
720: 131
721: 298
722: 136
723: 95
724: 262
725: 149
726: 126
727: 244
728: 16
729: 277
730: 109
731: 157
732: 262
733: 64
734: 91
735: 128
736: 72
737: 304
738: 74
739: 220
740: 127
741: 55
742: 87
743: 222
744: 8
745: 204
746: 171
747: 212
748: 25
749: 296
750: 112
751: 165
752: 287
753: 267
754: 279
755: 249
756: 115
757: 101
758: 193
759: 135
760: 80
761: 15
762: 8
763: 45
764: 78
765: 101
766: 184
767: 168
768: 99
769: 274
770: 82
771: 241
772: 28
773: 192
774: 152
775: 42
776: 88
777: 35
778: 259
779: 122
780: 26
781: 69
782: 6
783: 20
784: 43
785: 287
786: 265
787: 167
788: 85
789: 156
790: 19
791: 186
792: 172
793: 24
794: 240
795: 269
796: 129
797: 119
798: 137
799: 246
800: 92
801: 243
802: 184
803: 134
804: 129
805: 46
806: 188
807: 237
808: 83
809: 143
810: 57
811: 122
812: 233
813: 63
814: 143
815: 288
816: 48
817: 112
818: 149
819: 148
820: 285
821: 170
822: 37
823: 157
824: 204
825: 287
826: 133
827: 31
828: 104
829: 294
830: 289
831: 218
832: 231
833: 169
834: 49
835: 62
836: 228
837: 252
838: 9
839: 22
840: 90
841: 65
842: 146
843: 28
844: 142
845: 6
846: 21
847: 210
848: 117
849: 173
850: 54
851: 104
852: 48
853: 93
854: 285
855: 262
856: 86
857: 116
858: 3
859: 213
860: 107
861: 290
862: 122
863: 40
864: 155
865: 187
866: 112
867: 83
868: 135
869: 119
870: 110
871: 242
872: 204
873: 268
874: 279
875: 42
876: 276
877: 1
878: 262
879: 93
880: 177
881: 24
882: 220
883: 240
884: 130
885: 198
886: 203
887: 236
888: 24
889: 209
890: 141
891: 136
892: 195
893: 274
894: 192
895: 54
896: 157
897: 11
898: 151
899: 9
900: 137
901: 274
902: 254
903: 38
904: 255
905: 234
906: 93
907: 230
908: 236
909: 56
910: 28
911: 109
912: 80
913: 254
914: 47
915: 229
916: 148
917: 259
918: 158
919: 176
920: 162
921: 14
922: 25
923: 58
924: 296
925: 223
926: 126
927: 151
928: 238
929: 298
930: 158
931: 72
932: 274
933: 111
934: 124
935: 228
936: 41
937: 238
938: 146
939: 297
940: 5
941: 191
942: 100
943: 89
944: 137
945: 158
946: 25
947: 304
948: 124
949: 197
950: 178
951: 1
952: 219
953: 212
954: 60
955: 210
956: 122
957: 204
958: 59
959: 58
960: 194
961: 239
962: 144
963: 162
964: 50
965: 286
966: 90
967: 110
968: 224
969: 255
970: 101
971: 229
972: 140
973: 227
974: 24
975: 296
976: 78
977: 47
978: 297
979: 227
980: 261
981: 168
982: 227
983: 169
984: 73
985: 302
986: 77
987: 220
988: 200
989: 149
990: 290
991: 90
992: 88
993: 132
994: 275
995: 154
996: 114
997: 63
998: 287
999: 38
1000: 22
1001: 82
1002: 272
1003: 172
1004: 20
1005: 303
1006: 163
1007: 103
1008: 47
1009: 157
1010: 27
1011: 12
1012: 34
1013: 263
1014: 194
1015: 120
1016: 260
1017: 286
1018: 34
1019: 153
1020: 135
1021: 26
1022: 261
1023: 241
1024: 165
