1: 0
2: 1
3: 1
4: 0
5: 1
6: 2
7: 1
8: 2
9: 2
10: 1
11: 1
12: 1
13: 0
14: 0
15: 1
16: 1
17: 0
18: 3
19: 0
20: 1
21: 1
22: 0
23: 1
24: 1
25: 0
26: 2
27: 1
28: 3
29: 0
30: 2
31: 0
32: 1
33: 2
34: 0
35: 0
36: 1
37: 1
38: 0
39: 2
40: 1
41: 1
42: 1
43: 1
44: 1
45: 2
46: 1
47: 1
48: 1
49: 1
50: 2
51: 1
52: 2
53: 2
54: 2
55: 1
56: 2
57: 0
58: 0
59: 2
60: 0
61: 1
62: 3
63: 2
64: 0
65: 1
66: 1
67: 0
68: 1
69: 1
70: 0
71: 1
72: 0
73: 3
74: 2
75: 3
76: 0
77: 1
78: 1
79: 0
80: 1
81: 0
82: 0
83: 0
84: 0
85: 3
86: 1
87: 1
88: 0
89: 1
90: 0
91: 0
92: 1
93: 1
94: 1
95: 2
96: 2
97: 0
98: 0
99: 1
100: 0
101: 2
102: 0
103: 2
104: 1
105: 0
106: 0
107: 1
108: 1
109: 1
110: 3
111: 0
112: 2
113: 1
114: 1
115: 1
116: 1
117: 1
118: 0
119: 0
120: 0
121: 0
122: 1
123: 4
124: 2
125: 0
126: 0
127: 1
128: 1
129: 0
130: 1
131: 3
132: 1
133: 0
134: 1
135: 1
136: 0
137: 0
138: 1
139: 0
140: 1
141: 0
142: 1
143: 1
144: 0
145: 0
146: 0
147: 0
148: 1
149: 1
150: 2
151: 2
152: 0
153: 1
154: 2
155: 3
156: 1
157: 0
158: 1
159: 0
160: 0
161: 0
162: 1
163: 1
164: 0
165: 1
166: 2
167: 1
168: 0
169: 0
170: 1
171: 0
172: 0
173: 0
174: 1
175: 1
176: 0
177: 0
178: 1
179: 0
180: 1
181: 0
182: 1
183: 1
184: 1
185: 2
186: 1
187: 3
188: 0
189: 1
190: 2
191: 0
192: 0
193: 2
194: 0
195: 0
196: 1
197: 0
198: 0
199: 0
200: 0
201: 0
202: 0
203: 0
204: 1
205: 1
206: 2
207: 1
208: 0
209: 0
210: 0
211: 1
212: 3
213: 0
214: 4
215: 1
216: 0
217: 0
218: 2
219: 0
220: 2
221: 1
222: 1
223: 1
224: 0
225: 1
226: 0
227: 0
228: 1
229: 2
230: 0
231: 7
232: 0
233: 1
234: 0
235: 0
236: 0
237: 1
238: 1
239: 0
240: 1
241: 2
242: 0
243: 2
244: 1
245: 0
246: 0
247: 1
248: 0
249: 2
250: 0
251: 0
252: 1
253: 1
254: 0
255: 0
256: 0
257: 1
258: 0
259: 2
260: 1
261: 0
262: 1
263: 0
264: 0
265: 1
266: 0
267: 0
268: 2
269: 0
270: 1
271: 2
272: 1
273: 1
274: 2
275: 0
276: 1
277: 1
278: 0
279: 1
280: 0
281: 0
282: 0
283: 0
284: 0
285: 0
286: 0
287: 1
288: 0
289: 2
290: 0
291: 1
292: 2
293: 0
294: 1
295: 1
296: 0
297: 0
298: 3
299: 1
300: 0
301: 2
302: 0
303: 2
304: 0
305: 0
306: 0
307: 0
308: 0
309: 1
310: 0
311: 2
312: 0
313: 2
314: 0
315: 0
316: 2
317: 1
318: 0
319: 3
320: 0
321: 0
322: 0
323: 0
324: 0
325: 0
326: 2
327: 0
328: 1
329: 0
330: 0
331: 0
332: 1
333: 1
334: 2
335: 0
336: 1
337: 1
338: 0
339: 1
340: 1
341: 0
342: 1
343: 2
344: 0
345: 1
346: 2
347: 1
348: 0
349: 3
350: 0
351: 1
352: 1
353: 1
354: 0
355: 1
356: 1
357: 1
358: 2
359: 0
360: 3
361: 0
362: 0
363: 0
364: 1
365: 1
366: 2
367: 2
368: 0
369: 0
370: 1
371: 0
372: 2
373: 0
374: 1
375: 0
376: 1
377: 1
378: 1
379: 1
380: 0
381: 2
382: 0
383: 0
384: 2
385: 1
386: 1
387: 1
388: 1
389: 1
390: 2
391: 0
392: 1
393: 0
394: 1
395: 1
396: 1
397: 0
398: 1
399: 0
400: 1
401: 1
402: 0
403: 3
404: 1
405: 1
406: 1
407: 0
408: 0
409: 2
410: 0
411: 1
412: 1
413: 0
414: 1
415: 0
416: 5
417: 1
418: 0
419: 1
420: 0
421: 2
422: 1
423: 3
424: 1
425: 0
426: 2
427: 2
428: 0
429: 1
430: 1
431: 0
432: 3
433: 1
434: 1
435: 1
436: 1
437: 3
438: 0
439: 0
440: 2
441: 0
442: 0
443: 0
444: 2
445: 0
446: 1
447: 3
448: 0
449: 0
450: 0
451: 0
452: 1
453: 1
454: 1
455: 0
456: 0
457: 0
458: 1
459: 1
460: 0
461: 0
462: 1
463: 1
464: 0
465: 0
466: 1
467: 0
468: 0
469: 0
470: 1
471: 2
472: 0
473: 3
474: 0
475: 0
476: 0
477: 1
478: 2
479: 0
480: 0
481: 2
482: 0
483: 0
484: 1
485: 0
486: 3
487: 1
488: 0
489: 1
490: 1
491: 0
492: 0
493: 0
494: 0
495: 4
496: 0
497: 2
498: 2
499: 2
500: 0
501: 4
502: 1
503: 0
504: 1
505: 0
506: 0
507: 1
508: 1
509: 1
510: 4
511: 1
512: 1
513: 0
514: 0
515: 1
516: 0
517: 0
518: 1
519: 1
520: 0
521: 0
522: 0
523: 1
524: 2
525: 3
526: 0
527: 0
528: 2
529: 1
530: 0
531: 1
532: 0
533: 0
534: 1
535: 2
536: 0
537: 0
538: 1
539: 0
540: 2
541: 1
542: 1
543: 1
544: 1
545: 2
546: 0
547: 1
548: 2
549: 2
550: 0
551: 0
552: 0
553: 3
554: 0
555: 0
556: 1
557: 2
558: 0
559: 1
560: 1
561: 2
562: 2
563: 2
564: 0
565: 0
566: 1
567: 2
568: 1
569: 0
570: 1
571: 0
572: 1
573: 2
574: 0
575: 1
576: 1
577: 0
578: 0
579: 0
580: 1
581: 1
582: 3
583: 0
584: 1
585: 1
586: 2
587: 0
588: 0
589: 0
590: 0
591: 0
592: 0
593: 1
594: 0
595: 0
596: 1
597: 0
598: 2
599: 1
600: 0
601: 1
602: 0
603: 0
604: 1
605: 1
606: 0
607: 1
608: 0
609: 0
610: 0
611: 1
612: 0
613: 0
614: 1
615: 1
616: 0
617: 1
618: 2
619: 1
620: 0
621: 1
622: 0
623: 0
624: 0
625: 1
626: 0
627: 0
628: 1
629: 2
630: 1
631: 1
632: 0
633: 1
634: 2
635: 2
636: 2
637: 3
638: 0
639: 1
640: 0
641: 0
642: 0
643: 1
644: 0
645: 1
646: 1
647: 0
648: 0
649: 0
650: 2
651: 0
652: 0
653: 3
654: 0
655: 1
656: 0
657: 1
658: 0
659: 3
660: 0
661: 0
662: 0
663: 0
664: 1
665: 1
666: 0
667: 0
668: 0
669: 0
670: 0
671: 1
672: 0
673: 1
674: 0
675: 1
676: 0
677: 0
678: 1
679: 0
680: 2
681: 0
682: 0
683: 0
684: 1
685: 1
686: 2
687: 3
688: 1
689: 0
690: 2
691: 2
692: 2
693: 1
694: 0
695: 1
696: 1
697: 2
698: 0
699: 1
700: 0
701: 1
702: 2
703: 0
704: 1
705: 2
706: 0
707: 0
708: 0
709: 1
710: 0
711: 0
712: 1
713: 1
714: 0
715: 0
716: 2
717: 1
718: 1
719: 1
720: 0
721: 0
722: 0
723: 0
724: 1
725: 0
726: 1
727: 1
728: 0
729: 1
730: 0
731: 0
732: 2
733: 1
734: 1
735: 1
736: 1
737: 2
738: 0
739: 6
740: 1
741: 0
742: 0
743: 1
744: 0
745: 0
746: 1
747: 2
748: 0
749: 1
750: 0
751: 1
752: 1
753: 0
754: 2
755: 1
756: 0
757: 1
758: 1
759: 0
760: 0
761: 2
762: 0
763: 0
764: 1
765: 1
766: 1
767: 0
768: 1
769: 2
770: 2
771: 1
772: 2
773: 2
774: 0
775: 0
776: 0
777: 0
778: 3
779: 0
780: 0
781: 0
782: 1
783: 2
784: 1
785: 2
786: 0
787: 1
788: 1
789: 1
790: 1
791: 1
792: 1
793: 0
794: 1
795: 0
796: 1
797: 4
798: 1
799: 1
800: 1
801: 2
802: 4
803: 0
804: 2
805: 1
806: 0
807: 1
808: 1
809: 3
810: 0
811: 1
812: 0
813: 0
814: 0
815: 1
816: 1
817: 0
818: 0
819: 1
820: 1
821: 0
822: 0
823: 1
824: 0
825: 1
826: 1
827: 2
828: 1
829: 1
830: 1
831: 2
832: 0
833: 4
834: 1
835: 0
836: 1
837: 0
838: 0
839: 1
840: 0
841: 0
842: 1
843: 0
844: 0
845: 0
846: 2
847: 1
848: 0
849: 3
850: 2
851: 2
852: 0
853: 2
854: 1
855: 2
856: 1
857: 1
858: 0
859: 5
860: 1
861: 1
862: 0
863: 0
864: 0
865: 0
866: 0
867: 0
868: 1
869: 2
870: 1
871: 1
872: 2
873: 0
874: 3
875: 0
876: 2
877: 3
878: 1
879: 0
880: 1
881: 2
882: 1
883: 0
884: 0
885: 2
886: 0
887: 3
888: 0
889: 0
890: 1
891: 1
892: 0
893: 0
894: 1
895: 1
896: 0
897: 1
898: 0
899: 3
900: 1
901: 1
902: 2
903: 1
904: 1
905: 1
906: 1
907: 1
908: 0
909: 0
910: 0
911: 0
912: 0
913: 0
914: 2
915: 1
916: 1
917: 0
918: 1
919: 0
920: 0
921: 0
922: 1
923: 2
924: 3
925: 3
926: 2
927: 0
928: 0
929: 1
930: 3
931: 0
932: 1
933: 0
934: 1
935: 1
936: 1
937: 0
938: 0
939: 0
940: 1
941: 1
942: 1
943: 1
944: 2
945: 0
946: 0
947: 2
948: 1
949: 0
950: 2
951: 0
952: 1
953: 0
954: 2
955: 3
956: 1
957: 0
958: 0
959: 0
960: 1
961: 1
962: 1
963: 1
964: 1
965: 1
966: 0
967: 1
968: 2
969: 3
970: 0
971: 1
972: 2
973: 1
974: 0
975: 1
976: 1
977: 0
978: 1
979: 0
980: 2
981: 0
982: 1
983: 1
984: 2
985: 2
986: 0
987: 2
988: 0
989: 1
990: 1
991: 0
992: 2
993: 0
994: 0
995: 1
996: 0
997: 0
998: 0
999: 2
1000: 2
1001: 0
1002: 1
1003: 2
1004: 2
1005: 1
1006: 1
1007: 1
1008: 0
1009: 1
1010: 1
1011: 0
1012: 1
1013: 1
1014: 1
1015: 1
1016: 0
1017: 2
1018: 0
1019: 2
1020: 1
1021: 2
1022: 2
1023: 1
1024: 0
